// Jest Snapshot v1, https://goo.gl/fbAQLP

exports[`Footer should render 1`] = `
<body>
  <div>
    <div
      class="m-auto w-full max-w-2xl flex items-end justify-between py-10 border-t dark:border-neutral-800 mt-16 text-sm text-neutral-400 dark:text-neutral-500"
    >
      <div
        class="hidden sm:block whitespace-nowrap flex-1"
      >
        © 2022 Radivoje Katanic.
      </div>
      <div
        class="sm:hidden whitespace-nowrap flex-1"
      >
        © 2022 Radivoje K.
      </div>
      <div
        class="flex gap-4"
      >
        <a
          class="hover:text-neutral-900 dark:hover:text-neutral-200 hover:underline"
          href="https://github.com/rkatanic"
          rel="noreferrer"
          target="_blank"
        >
          GitHub
        </a>
        <a
          class="hover:text-neutral-900 dark:hover:text-neutral-200 hover:underline"
          href="https://www.linkedin.com/in/radivoje-katanic"
          rel="noreferrer"
          target="_blank"
        >
          LinkedIn
        </a>
      </div>
    </div>
  </div>
</body>
`;
