// Jest Snapshot v1, https://goo.gl/fbAQLP

exports[`Menu should render 1`] = `
<body>
  <div>
    <div
      class="sticky top-20 max-h-min w-64 border p-4 shadow-md dark:border-gray-700 dark:bg-gray-900"
    >
      <div
        class="flex flex-col items-center"
      >
        <div
          class="relative my-3 flex h-16 w-16 items-center justify-center rounded-full bg-gray-50 text-2xl dark:bg-gray-800"
        >
          <span
            class="dark:text-gray-200"
          >
            rk
          </span>
        </div>
        <h1
          class="text-xl font-medium dark:text-gray-200"
        >
          Radivoje Katanic
        </h1>
        <h3
          class="text-lg text-gray-400"
        >
          Software Developer
        </h3>
      </div>
      <hr
        class="my-4 dark:border-gray-800"
      />
      <div>
        <span
          class="dark:text-gray-400 dark:hover:text-gray-200 flex items-center gap-3 py-1.5 px-3 font-medium"
        >
          <svg
            fill="none"
            height="1em"
            stroke="currentColor"
            stroke-linecap="round"
            stroke-linejoin="round"
            stroke-width="2"
            viewBox="0 0 24 24"
            width="1em"
            xmlns="http://www.w3.org/2000/svg"
          >
            <path
              d="M20 21v-2a4 4 0 0 0-4-4H8a4 4 0 0 0-4 4v2"
            />
            <circle
              cx="12"
              cy="7"
              r="4"
            />
          </svg>
          About
        </span>
        <span
          class="bg-sky-500 dark:text-gray-100 flex items-center gap-3 py-1.5 px-3 font-medium"
        >
          <svg
            fill="currentColor"
            height="1em"
            stroke="currentColor"
            stroke-width="0"
            viewBox="0 0 24 24"
            width="1em"
            xmlns="http://www.w3.org/2000/svg"
          >
            <g>
              <path
                d="M0 0H24V24H0z"
                fill="none"
              />
              <path
                d="M16 2v2h-1v3.243c0 1.158.251 2.301.736 3.352l4.282 9.276c.347.753.018 1.644-.734 1.99-.197.092-.411.139-.628.139H5.344c-.828 0-1.5-.672-1.5-1.5 0-.217.047-.432.138-.629l4.282-9.276C8.749 9.545 9 8.401 9 7.243V4H8V2h8zm-2.612 8.001h-2.776c-.104.363-.23.721-.374 1.071l-.158.361L6.125 20h11.749l-3.954-8.567c-.214-.464-.392-.943-.532-1.432zM11 7.243c0 .253-.01.506-.029.758h2.058c-.01-.121-.016-.242-.021-.364L13 7.243V4h-2v3.243z"
              />
            </g>
          </svg>
          Labs
        </span>
      </div>
    </div>
  </div>
</body>
`;
