// Jest Snapshot v1, https://goo.gl/fbAQLP

exports[`ScrollIndicator should render 1`] = `
<body>
  <div>
    <div
      class="hidden lg:flex absolute top-0 -left-16 h-full flex-col justify-between font-medium dark:font-normal"
    >
      <a
        class="group flex items-end gap-2 w-0 h-0 mt-10 -rotate-90 dark:text-neutral-600 text-sm text-neutral-300 dark:hover:text-neutral-200 hover:text-neutral-900"
        href="#bottom"
        id="top"
      >
        <div
          class="group-hover:bg-neutral-900 dark:group-hover:bg-neutral-200 bg-neutral-300 dark:bg-neutral-600 w-6 h-px absolute -top-[0.55rem] -left-8"
        />
        <div>
          scroll
        </div>
      </a>
      <a
        class="group flex items-end gap-2 w-0 h-0 mt-10 -rotate-90 dark:text-neutral-600 text-sm text-neutral-300 dark:hover:text-neutral-200 hover:text-neutral-900"
        href="#"
        id="bottom"
      >
        <div
          class="group-hover:bg-neutral-900 dark:group-hover:bg-neutral-200 bg-neutral-300 dark:bg-neutral-600 w-6 h-px absolute -top-[0.65rem] left-12"
        />
        <div>
          scroll
        </div>
      </a>
    </div>
  </div>
</body>
`;
