// Jest Snapshot v1, https://goo.gl/fbAQLP

exports[`Project should render 1`] = `
<body>
  <div>
    <div
      class="group relative flex border-2 border-gray-200 bg-slate-50 shadow-sm transition-[border] duration-200 hover:border-sky-400 dark:border-gray-800 dark:bg-gray-900 dark:shadow-md dark:hover:border-sky-400"
    >
      <div
        class="flex-1 p-4"
      >
        <div
          class="mb-4 text-2xl font-medium dark:border-gray-700 dark:text-gray-200"
        >
          Project Title
        </div>
        <div
          class="absolute top-4 right-4 z-10 flex items-end gap-1 border-2 border-gray-200 py-1 px-2 text-xs font-medium tracking-wide text-gray-600 dark:border-gray-800 dark:text-gray-300"
        >
          <span
            class="text-gray-400"
          >
            #
          </span>
           0
          NaN
        </div>
        <div
          class="group absolute bottom-6 right-4 z-10 flex items-center gap-2 text-xs font-medium uppercase tracking-wide text-gray-400 group-hover:text-sky-500 dark:text-gray-500 dark:group-hover:text-sky-300"
        >
          View
          <div
            class="h-[2px] w-3 bg-gray-400 dark:bg-gray-500 dark:group-hover:bg-sky-300"
          />
        </div>
        <p
          class="text-lg leading-relaxed tracking-wide text-gray-500 dark:text-gray-400"
        >
          Project description.
        </p>
        <hr
          class="my-4 dark:border-gray-800"
        />
        <div
          class="mb-2 flex items-center gap-2 text-sm uppercase tracking-wide text-gray-600 dark:text-gray-400"
        >
          Oct 10, 2010
        </div>
      </div>
      <div
        class="xbg-gradient-to-r relative h-full w-44 overflow-hidden from-gray-900 to-gray-800/40"
      >
        <div
          class="cube group-hover:animate-[rotate_30s_linear_infinite]"
        >
          <div
            class="sphere-one inner"
          />
          <div
            class="sphere-two inner"
          />
          <div
            class="sphere-three inner"
          />
          <div
            class="sphere-four inner"
          />
          <div
            class="sphere-five inner"
          />
          <div
            class="sphere-six inner"
          />
        </div>
      </div>
    </div>
  </div>
</body>
`;
