// Jest Snapshot v1, https://goo.gl/fbAQLP

exports[`Project should render 1`] = `
<body>
  <div>
    <a
      class="flex w-full"
      href="/projects/project-slug"
    >
      <div
        class="w-full rounded-lg border bg-white shadow-sm"
      >
        <div
          class="p-6"
        >
          <div
            class="mb-6 flex items-start gap-4"
          >
            <div
              class="flex h-14 w-14 items-center justify-center rounded-full bg-gray-50 text-gray-400"
            >
              <svg
                fill="none"
                height="1.25rem"
                stroke="currentColor"
                stroke-linecap="round"
                stroke-linejoin="round"
                stroke-width="2"
                viewBox="0 0 24 24"
                width="1.25rem"
                xmlns="http://www.w3.org/2000/svg"
              >
                <path
                  d="M21 16V8a2 2 0 0 0-1-1.73l-7-4a2 2 0 0 0-2 0l-7 4A2 2 0 0 0 3 8v8a2 2 0 0 0 1 1.73l7 4a2 2 0 0 0 2 0l7-4A2 2 0 0 0 21 16z"
                />
                <polyline
                  points="3.27 6.96 12 12.01 20.73 6.96"
                />
                <line
                  x1="12"
                  x2="12"
                  y1="22.08"
                  y2="12"
                />
              </svg>
            </div>
            <div>
              <h3
                class="text-lg font-medium leading-8 text-gray-900"
              >
                Project Title
              </h3>
              <p
                class="text-sm text-gray-500"
              >
                Oct 10, 2010
              </p>
            </div>
          </div>
          <p
            class="leading-6 text-gray-600"
          >
            Project description.
          </p>
        </div>
        <div
          class="flex items-center gap-2 border-t p-4 px-6 text-sm font-medium text-sky-400"
        >
          View project 
          <svg
            fill="none"
            height="1em"
            stroke="currentColor"
            stroke-linecap="round"
            stroke-linejoin="round"
            stroke-width="2"
            viewBox="0 0 24 24"
            width="1em"
            xmlns="http://www.w3.org/2000/svg"
          >
            <line
              x1="5"
              x2="19"
              y1="12"
              y2="12"
            />
            <polyline
              points="12 5 19 12 12 19"
            />
          </svg>
        </div>
      </div>
    </a>
  </div>
</body>
`;
